################################################################################
#                                                                              #
#      IAR Universal Linker V6.5.0.91                                          #
#                                                                              #
#           Link time     =  22/Jan/2018  11:09:19                             #
#           Target CPU    =  A90                                               #
#           List file     =  C:\Users\Kamil\Desktop\iar\Debug\List\edice.map   #
#           Output file 1 =  C:\Users\Kamil\Desktop\iar\Debug\Exe\edice.hex    #
#                            Format: intel-standard, variant: -Y0              #
#           Command line  =  -f C:\Users\Kamil\AppData\Local\Temp\EW6738.tmp   #
#                            (C:\Users\Kamil\Desktop\iar\Debug\Obj\main.r90    #
#                            -o                                                #
#                            C:\Users\Kamil\Desktop\iar\Debug\Exe\edice.hex    #
#                            -Fintel-standard -Y0 -l                           #
#                            C:\Users\Kamil\Desktop\iar\Debug\List\edice.map   #
#                            -xms                                              #
#                            "-IC:\Program Files (x86)\IAR Systems\Embedded Wo #
#                            rkbench 8.0\avr\LIB\"                             #
#                            -f                                                #
#                            "C:\Program Files (x86)\IAR Systems\Embedded Work #
#                            bench 8.0\avr\src\template\cfgm328p.xcl"          #
#                            (-D_..X_INTVEC_SIZE=68 -D_..X_FLASH_END=7FFF      #
#                            -D_..X_FLASH_NEND=_..X_FLASH_END                  #
#                            -D_..X_SRAM_BASE=100 -D_..X_SRAM_TBASE=0          #
#                            -D_..X_SRAM_TSIZE=0 -D_..X_SRAM_END=8FF           #
#                            -D_..X_EXT_SRAM_BASE=_..X_SRAM_END                #
#                            -D_..X_EXT_SRAM_SIZE=0                            #
#                            -D_..X_EXT_ROM_BASE=_..X_SRAM_END                 #
#                            -D_..X_EXT_ROM_SIZE=0                             #
#                            -D_..X_EXT_NV_BASE=_..X_SRAM_END                  #
#                            -D_..X_EXT_NV_SIZE=0 -D_..X_EEPROM_START=0        #
#                            -D_..X_EEPROM_END=3FF) -D_..X_HEAP_SIZE=0         #
#                            -D_..X_TINY_HEAP_SIZE=0                           #
#                            -D_..X_NEAR_HEAP_SIZE=20 -D_..X_FAR_HEAP_SIZE=0   #
#                            -D_..X_HUGE_HEAP_SIZE=0 -D_..X_CSTACK_SIZE=20     #
#                            -D_..X_RSTACK_SIZE=20                             #
#                            -D_..X_FLASH_CODE_END=_..X_FLASH_END -f           #
#                            "C:\Program Files (x86)\IAR Systems\Embedded Work #
#                            bench 8.0\avr\src\template\cfg3soim.xcl"          #
#                            (-ca90 -w29                                       #
#                            -Z(CODE)INTVEC=0-(_..X_INTVEC_SIZE-1)             #
#                            -Z(CODE)TINY_F=_..X_FLASH_BASE-FF                 #
#                            -Z(CODE)NEAR_F=_..X_FLASH_BASE-_..X_FLASH_NEND    #
#                            -Z(CODE)SWITCH=_..X_FLASH_BASE-_..X_FLASH_NEND    #
#                            -Z(CODE)DIFUNCT=_..X_FLASH_BASE-_..X_FLASH_NEND   #
#                            -Z(CODE)CODE=_..X_FLASH_BASE-_..X_FLASH_END       #
#                            -P(CODE)FAR_F=[_..X_FLASH_BASE-_..X_FLASH_END]/10 #
#                            000                                               #
#                            -Z(CODE)INITTAB=_..X_FLASH_BASE-_..X_FLASH_END    #
#                            -Z(CODE)HUGE_F=_..X_FLASH_BASE-_..X_FLASH_END     #
#                            -Z(CODE)TINY_ID=_..X_FLASH_BASE-_..X_FLASH_END    #
#                            -Z(CODE)NEAR_ID=_..X_FLASH_BASE-_..X_FLASH_END    #
#                            -Z(CODE)CHECKSUM#_..X_FLASH_END                   #
#                            -Z(DATA)TINY_I,TINY_Z,TINY_N=_..X_SRAM_TBASE:+_.. #
#                            X_SRAM_TSIZE                                      #
#                            -Z(DATA)CSTACK+_..X_CSTACK_SIZE=_..X_CSTACK_BASE- #
#                            _..X_CSTACK_END                                   #
#                            -Z(DATA)HEAP+_..X_HEAP_SIZE=_..X_SRAM_BASE-_..X_S #
#                            RAM_END                                           #
#                            -Z(DATA)IOSTREAM_N#_..X_SRAM_BASE-_..X_SRAM_END   #
#                            -Z(DATA)NEAR_HEAP+_..X_NEAR_HEAP_SIZE=_..X_SRAM_B #
#                            ASE-_..X_SRAM_END                                 #
#                            -Z(DATA)RSTACK+_..X_RSTACK_SIZE=_..X_RSTACK_BASE- #
#                            _..X_RSTACK_END                                   #
#                            -Z(DATA)NEAR_I,NEAR_Z,NEAR_N=_..X_SRAM_BASE-_..X_ #
#                            SRAM_END                                          #
#                            -Z(XDATA)EEPROM_I,EEPROM_N=_..X_EEPROM_START-_..X #
#                            _EEPROM_END)                                      #
#                            -D_..X_FLASH_BASE=_..X_INTVEC_SIZE -H1895         #
#                            -h(CODE)0-(_..X_INTVEC_SIZE-1)                    #
#                            -D_..X_CSTACK_BASE=_..X_SRAM_BASE                 #
#                            -D_..X_CSTACK_END=_..X_SRAM_END                   #
#                            -D_..X_RSTACK_BASE=_..X_SRAM_BASE                 #
#                            -D_..X_RSTACK_END=_..X_SRAM_END -s                #
#                            __program_start                                   #
#                            "C:\Program Files (x86)\IAR Systems\Embedded Work #
#                            bench 8.0\avr\LIB\DLIB\dlAVR-3s-ec_mul-sf-n.r90") #
#                                                                              #
#                           Copyright (C) 1987-2016 IAR Systems AB.            #
################################################################################





                ****************************************
                *                                      *
                *           CROSS REFERENCE            *
                *                                      *
                ****************************************

       Program entry at : CODE      000006F8  Relocatable, from module : ?C_STARTUP




                ****************************************
                *                                      *
                *            RUNTIME MODEL             *
                *                                      *
                ****************************************

  R10                        = REG
  R11                        = REG
  R4                         = REG
  R5                         = REG
  R6                         = REG
  R7                         = REG
  R8                         = REG
  R9                         = REG
  __64bit_doubles            = disabled
  __Heap_Handler             = Basic
  __SystemLibrary            = DLib
  __cpu                      = 3
  __cpu_name                 = ATmega328P
  __dlib_file_descriptor     = 0
  __dlib_full_locale_support = 0
  __enhanced_core            = enabled
  __has_elpm                 = false
  __memory_model             = 2
  __rt_version               = 3
  __tiny_avr                 = false
  __vtable_memory            = __nearflash

                ****************************************
                *                                      *
                *    AUTOMATIC SYMBOL REDIRECTIONS     *
                *                                      *
                ****************************************

                  There are no automatic symbol redirections.



                ****************************************
                *                                      *
                *              MODULE MAP              *
                *                                      *
                ****************************************


  DEFINED ABSOLUTE ENTRIES
  PROGRAM MODULE, NAME : ?ABS_ENTRY_MOD

Absolute parts
           ENTRY                   ADDRESS         REF BY
           =====                   =======         ======
           _..X_RSTACK_END         000008FF 
           _..X_RSTACK_BASE        00000100 
           _..X_CSTACK_END         000008FF 
           _..X_CSTACK_BASE        00000100 
           _..X_FLASH_BASE         00000068 
           _..X_FLASH_CODE_END     00007FFF 
           _..X_RSTACK_SIZE        00000020 
           _..X_CSTACK_SIZE        00000020 
           _..X_HUGE_HEAP_SIZE     00000000 
           _..X_FAR_HEAP_SIZE      00000000 
           _..X_NEAR_HEAP_SIZE     00000020 
           _..X_TINY_HEAP_SIZE     00000000 
           _..X_HEAP_SIZE          00000000 
           _..X_EEPROM_END         000003FF 
           _..X_EEPROM_START       00000000 
           _..X_EXT_NV_SIZE        00000000 
           _..X_EXT_NV_BASE        000008FF 
           _..X_EXT_ROM_SIZE       00000000 
           _..X_EXT_ROM_BASE       000008FF 
           _..X_EXT_SRAM_SIZE      00000000 
           _..X_EXT_SRAM_BASE      000008FF 
           _..X_SRAM_END           000008FF 
           _..X_SRAM_TSIZE         00000000 
           _..X_SRAM_TBASE         00000000 
           _..X_SRAM_BASE          00000100 
           _..X_FLASH_NEND         00007FFF 
           _..X_FLASH_END          00007FFF 
           _..X_INTVEC_SIZE        00000068 
    *************************************************************************

  FILE NAME : C:\Users\Kamil\Desktop\iar\Debug\Obj\main.r90
  PROGRAM MODULE, NAME : main

  SEGMENTS IN THE MODULE
  ======================
ABSOLUTE
  Relative segment, address: DATA 00000084 - 00000085 (0x2 bytes), align: 0
  Segment part 1. ROOT        Intra module refs:   mier
           ENTRY                   ADDRESS         REF BY
           =====                   =======         ======
           _A_TCNT1                00000084 
           LOCAL                   ADDRESS         
           =====                   =======         
           TCNT1                   00000084 
           TCNT1H                  00000085 
           TCNT1L                  00000084 
    -------------------------------------------------------------------------
ABSOLUTE
  Relative segment, address: DATA 00000081 - 00000081 (0x1 bytes), align: 0
  Segment part 2. ROOT        Intra module refs:   init
                                                   mier
           ENTRY                   ADDRESS         REF BY
           =====                   =======         ======
           _A_TCCR1B               00000081 
           LOCAL                   ADDRESS         
           =====                   =======         
           TCCR1B                  00000081 
    -------------------------------------------------------------------------
ABSOLUTE
  Relative segment, address: DATA 0000006E - 0000006E (0x1 bytes), align: 0
  Segment part 3. ROOT        Intra module refs:   init
           ENTRY                   ADDRESS         REF BY
           =====                   =======         ======
           _A_TIMSK0               0000006E 
           LOCAL                   ADDRESS         
           =====                   =======         
           TIMSK0                  0000006E 
    -------------------------------------------------------------------------
ABSOLUTE
  Relative segment, address: DATA 00000069 - 00000069 (0x1 bytes), align: 0
  Segment part 4. ROOT        Intra module refs:   init
           ENTRY                   ADDRESS         REF BY
           =====                   =======         ======
           _A_EICRA                00000069 
           LOCAL                   ADDRESS         
           =====                   =======         
           EICRA                   00000069 
    -------------------------------------------------------------------------
ABSOLUTE
  Relative segment, address: DATA 00000045 - 00000045 (0x1 bytes), align: 0
  Segment part 5. ROOT        Intra module refs:   init
           ENTRY                   ADDRESS         REF BY
           =====                   =======         ======
           _A_TCCR0B               00000045 
           LOCAL                   ADDRESS         
           =====                   =======         
           TCCR0B                  00000045 
    -------------------------------------------------------------------------
ABSOLUTE
  Relative segment, address: DATA 0000003D - 0000003D (0x1 bytes), align: 0
  Segment part 6. ROOT        Intra module refs:   init
           ENTRY                   ADDRESS         REF BY
           =====                   =======         ======
           _A_EIMSK                0000003D 
           LOCAL                   ADDRESS         
           =====                   =======         
           EIMSK                   0000003D 
    -------------------------------------------------------------------------
ABSOLUTE
  Relative segment, address: DATA 0000002B - 0000002B (0x1 bytes), align: 0
  Segment part 7. ROOT        Intra module refs:   init
                                                   main
           ENTRY                   ADDRESS         REF BY
           =====                   =======         ======
           _A_PORTD                0000002B 
           LOCAL                   ADDRESS         
           =====                   =======         
           PORTD                   0000002B 
    -------------------------------------------------------------------------
ABSOLUTE
  Relative segment, address: DATA 0000002A - 0000002A (0x1 bytes), align: 0
  Segment part 8. ROOT        Intra module refs:   init
           ENTRY                   ADDRESS         REF BY
           =====                   =======         ======
           _A_DDRD                 0000002A 
           LOCAL                   ADDRESS         
           =====                   =======         
           DDRD                    0000002A 
    -------------------------------------------------------------------------
ABSOLUTE
  Relative segment, address: DATA 00000028 - 00000028 (0x1 bytes), align: 0
  Segment part 9. ROOT        Intra module refs:   clear
                                                   goTo0
                                                   goTo10
                                                   initlcd
                                                   main
                                                   send
           ENTRY                   ADDRESS         REF BY
           =====                   =======         ======
           _A_PORTC                00000028 
           LOCAL                   ADDRESS         
           =====                   =======         
           PORTC                   00000028 
    -------------------------------------------------------------------------
ABSOLUTE
  Relative segment, address: DATA 00000027 - 00000027 (0x1 bytes), align: 0
  Segment part 10. ROOT       Intra module refs:   init
           ENTRY                   ADDRESS         REF BY
           =====                   =======         ======
           _A_DDRC                 00000027 
           LOCAL                   ADDRESS         
           =====                   =======         
           DDRC                    00000027 
    -------------------------------------------------------------------------
ABSOLUTE
  Relative segment, address: DATA 00000025 - 00000025 (0x1 bytes), align: 0
  Segment part 11. ROOT       Intra module refs:   send
           ENTRY                   ADDRESS         REF BY
           =====                   =======         ======
           _A_PORTB                00000025 
           LOCAL                   ADDRESS         
           =====                   =======         
           PORTB                   00000025 
    -------------------------------------------------------------------------
ABSOLUTE
  Relative segment, address: DATA 00000024 - 00000024 (0x1 bytes), align: 0
  Segment part 12. ROOT       Intra module refs:   init
           ENTRY                   ADDRESS         REF BY
           =====                   =======         ======
           _A_DDRB                 00000024 
           LOCAL                   ADDRESS         
           =====                   =======         
           DDRB                    00000024 
    -------------------------------------------------------------------------
NEAR_Z
  Relative segment, address: DATA 0000014B - 0000014C (0x2 bytes), align: 0
  Segment part 25.            Intra module refs:   main
                                                   mier
           LOCAL                   ADDRESS         
           =====                   =======         
           distance                0000014B 
    -------------------------------------------------------------------------
NEAR_Z
  Relative segment, address: DATA 0000014D - 0000014E (0x2 bytes), align: 0
  Segment part 27.            Intra module refs:   mier
           LOCAL                   ADDRESS         
           =====                   =======         
           i                       0000014D 
    -------------------------------------------------------------------------
NEAR_Z
  Relative segment, address: DATA 0000014F - 00000152 (0x4 bytes), align: 0
  Segment part 28.            Intra module refs:   click
                                                   switchMode
           LOCAL                   ADDRESS         
           =====                   =======         
           q                       0000014F 
    -------------------------------------------------------------------------
NEAR_Z
  Relative segment, address: DATA 00000153 - 00000154 (0x2 bytes), align: 0
  Segment part 29.            Intra module refs:   main
                                                   mier
           LOCAL                   ADDRESS         
           =====                   =======         
           working                 00000153 
    -------------------------------------------------------------------------
NEAR_Z
  Relative segment, address: DATA 00000155 - 00000156 (0x2 bytes), align: 0
  Segment part 30.            Intra module refs:   main
                                                   switchMode
           LOCAL                   ADDRESS         
           =====                   =======         
           mode                    00000155 
    -------------------------------------------------------------------------
CODE
  Relative segment, address: CODE 00000068 - 000000A7 (0x40 bytes), align: 1
  Segment part 31.            Intra module refs:   main
           ENTRY                   ADDRESS         REF BY
           =====                   =======         ======
           init                    00000068 
    -------------------------------------------------------------------------
CODE
  Relative segment, address: CODE 000000A8 - 000000DB (0x34 bytes), align: 1
  Segment part 32.            Intra module refs:   clear
                                                   goTo0
                                                   goTo10
                                                   initlcd
                                                   main
           ENTRY                   ADDRESS         REF BY
           =====                   =======         ======
           send                    000000A8 
    -------------------------------------------------------------------------
CODE
  Relative segment, address: CODE 000000DC - 00000113 (0x38 bytes), align: 1
  Segment part 33.            Intra module refs:   main
           ENTRY                   ADDRESS         REF BY
           =====                   =======         ======
           initlcd                 000000DC 
               calls direct
    -------------------------------------------------------------------------
CODE
  Relative segment, address: CODE 00000114 - 0000012F (0x1c bytes), align: 1
  Segment part 34.            Intra module refs:   main
           ENTRY                   ADDRESS         REF BY
           =====                   =======         ======
           clear                   00000114 
               calls direct
    -------------------------------------------------------------------------
CODE
  Relative segment, address: CODE 00000130 - 00000147 (0x18 bytes), align: 1
  Segment part 35.            Intra module refs:   main
           ENTRY                   ADDRESS         REF BY
           =====                   =======         ======
           goTo10                  00000130 
               calls direct
    -------------------------------------------------------------------------
CODE
  Relative segment, address: CODE 00000148 - 0000015F (0x18 bytes), align: 1
  Segment part 36.            Intra module refs:   main
           ENTRY                   ADDRESS         REF BY
           =====                   =======         ======
           goTo0                   00000148 
               calls direct
    -------------------------------------------------------------------------
CODE
  Relative segment, address: CODE 00000160 - 000004A5 (0x346 bytes), align: 1
  Segment part 37.
           ENTRY                   ADDRESS         REF BY
           =====                   =======         ======
           main                    00000160        ?cstartup_call_main (?C_STARTUP)
               calls direct
    -------------------------------------------------------------------------
CODE
  Relative segment, address: CODE 000004A6 - 00000507 (0x62 bytes), align: 1
  Segment part 38.            Intra module refs:   click::??INTVEC 64
           ENTRY                   ADDRESS         REF BY
           =====                   =======         ======
           click                   000004A6 
               interrupt function
    -------------------------------------------------------------------------
CODE
  Relative segment, address: CODE 00000508 - 00000663 (0x15c bytes), align: 1
  Segment part 39.            Intra module refs:   mier::??INTVEC 4
           ENTRY                   ADDRESS         REF BY
           =====                   =======         ======
           mier                    00000508 
               interrupt function
               calls direct
    -------------------------------------------------------------------------
CODE
  Relative segment, address: CODE 00000664 - 000006F3 (0x90 bytes), align: 1
  Segment part 40.            Intra module refs:   switchMode::??INTVEC 8
           ENTRY                   ADDRESS         REF BY
           =====                   =======         ======
           switchMode              00000664 
               interrupt function
    -------------------------------------------------------------------------
ABSOLUTE
  Relative segment, address: DATA 0000001F, align: 0
  Segment part 13. ROOT 
           ENTRY                   ADDRESS         REF BY
           =====                   =======         ======
           __?EECR                 0000001F 
    -------------------------------------------------------------------------
ABSOLUTE
  Relative segment, address: DATA 00000020, align: 0
  Segment part 14. ROOT 
           ENTRY                   ADDRESS         REF BY
           =====                   =======         ======
           __?EEDR                 00000020 
    -------------------------------------------------------------------------
ABSOLUTE
  Relative segment, address: DATA 00000021, align: 0
  Segment part 15. ROOT 
           ENTRY                   ADDRESS         REF BY
           =====                   =======         ======
           __?EEARL                00000021 
    -------------------------------------------------------------------------
ABSOLUTE
  Relative segment, address: DATA 00000022, align: 0
  Segment part 16. ROOT 
           ENTRY                   ADDRESS         REF BY
           =====                   =======         ======
           __?EEARH                00000022 
    -------------------------------------------------------------------------
INTVEC
  Common segment, address: CODE 00000000 - 00000007 (0x8 bytes), align: 1
  Segment part 17. ROOT 
           ENTRY                   ADDRESS         REF BY
           =====                   =======         ======
           mier::??INTVEC 4        00000004 
    -------------------------------------------------------------------------
INTVEC
  Common segment, address: CODE 00000000 - 0000000B (0xc bytes), align: 1
  Segment part 18. ROOT 
           ENTRY                   ADDRESS         REF BY
           =====                   =======         ======
           switchMode::??INTVEC 8
                                   00000008 
    -------------------------------------------------------------------------
INTVEC
  Common segment, address: CODE 00000000 - 00000043 (0x44 bytes), align: 1
  Segment part 19. ROOT 
           ENTRY                   ADDRESS         REF BY
           =====                   =======         ======
           click::??INTVEC 64      00000040 
    -------------------------------------------------------------------------
NEAR_ID
  Relative segment, address: CODE 000007F4 - 000007FE (0xb bytes), align: 0
  Segment part 23.            Intra module refs:   Segment part 22
    -------------------------------------------------------------------------
INITTAB
  Relative segment, address: CODE 000007E8 - 000007ED (0x6 bytes), align: 0
  Segment part 24.            Intra module refs:   Segment part 22
           ENTRY                   ADDRESS         REF BY
           =====                   =======         ======
           ?<Segment init: NEAR_I>
                                   000007E8 
    -------------------------------------------------------------------------
INITTAB
  Relative segment, address: CODE 000007EE - 000007F3 (0x6 bytes), align: 0
  Segment part 26.            Intra module refs:   distance
                                                   i
                                                   mode
                                                   q
                                                   working
           ENTRY                   ADDRESS         REF BY
           =====                   =======         ======
           ?<Segment init: NEAR_Z>
                                   000007EE 
    -------------------------------------------------------------------------
NEAR_I
  Relative segment, address: DATA 00000140 - 0000014A (0xb bytes), align: 0
  Segment part 22.            Intra module refs:   main

    *************************************************************************

  FILE NAME : C:\Program Files (x86)\IAR Systems\Embedded Workbench 8.0\avr\LIB\DLIB\dlAVR-3s-ec_mul-sf-n.r90
  LIBRARY MODULE, NAME : ?_exit

  SEGMENTS IN THE MODULE
  ======================
CODE
  Relative segment, address: CODE 000006F4, align: 1
  Segment part 0.
           ENTRY                   ADDRESS         REF BY
           =====                   =======         ======
           _exit                   000006F4        ?cstartup_call_main (?C_STARTUP)
                                                   exit (?exit)
    -------------------------------------------------------------------------
CODE
  Relative segment, address: CODE 000006F4 - 000006F7 (0x4 bytes), align: 1
  Segment part 5.             Intra module refs:   _exit

    -------------------------------------------------------------------------
  LIBRARY MODULE, NAME : ?RESET

  SEGMENTS IN THE MODULE
  ======================
INTVEC
  Common segment, address: CODE 00000000 - 00000003 (0x4 bytes), align: 1
  Segment part 0. ROOT 
           ENTRY                   ADDRESS         REF BY
           =====                   =======         ======
           ?RESET                  00000000        Segment part 2 (?C_STARTUP)

    -------------------------------------------------------------------------
  LIBRARY MODULE, NAME : ?C_STARTUP

  SEGMENTS IN THE MODULE
  ======================
CODE
  Relative segment, address: CODE 000006F8, align: 1
  Segment part 2.
           ENTRY                   ADDRESS         REF BY
           =====                   =======         ======
           __program_start         000006F8        Absolute parts (?ABS_ENTRY_MOD)
           ?C_STARTUP              000006F8        ?RESET (?RESET)
           __RESTART               000006F8 
    -------------------------------------------------------------------------
CODE
  Relative segment, address: CODE 000006F8 - 00000703 (0xc bytes), align: 1
  Segment part 5.             Intra module refs:   Segment part 2
    -------------------------------------------------------------------------
CODE
  Relative segment, address: CODE 00000704 - 00000707 (0x4 bytes), align: 1
  Segment part 7.             Intra module refs:   Segment part 5
           ENTRY                   ADDRESS         REF BY
           =====                   =======         ======
           ?call_low_level_init    00000704 
    -------------------------------------------------------------------------
CODE
  Relative segment, address: CODE 00000708 - 0000070F (0x8 bytes), align: 1
  Segment part 8.
           ENTRY                   ADDRESS         REF BY
           =====                   =======         ======
           ?need_segment_init      00000708        ?<Segment init: NEAR_I> (main)
                                                   ?<Segment init: NEAR_Z> (main)
    -------------------------------------------------------------------------
CODE
  Relative segment, address: CODE 00000710 - 0000071B (0xc bytes), align: 1
  Segment part 11.            Intra module refs:   ?call_low_level_init
           ENTRY                   ADDRESS         REF BY
           =====                   =======         ======
           ?cstartup_call_main     00000710 

    -------------------------------------------------------------------------
  LIBRARY MODULE, NAME : ?exit

  SEGMENTS IN THE MODULE
  ======================
CODE
  Relative segment, address: CODE 0000071C - 0000071F (0x4 bytes), align: 1
  Segment part 3.
           ENTRY                   ADDRESS         REF BY
           =====                   =======         ======
           exit                    0000071C        ?cstartup_call_main (?C_STARTUP)
               calls direct

    -------------------------------------------------------------------------
  LIBRARY MODULE, NAME : ?US_DIVMOD_L02

  SEGMENTS IN THE MODULE
  ======================
CODE
  Relative segment, address: CODE 00000720 - 00000725 (0x6 bytes), align: 1
  Segment part 1.
           ENTRY                   ADDRESS         REF BY
           =====                   =======         ======
           ?US_DIVMOD_L02          00000720        ?SS_DIVMOD_L02 (?SS_DIVMOD_L02)
                                                   mier (main)
    -------------------------------------------------------------------------
CODE
  Relative segment, address: CODE 00000726 - 00000745 (0x20 bytes), align: 1
  Segment part 3.             Intra module refs:   ?US_DIVMOD_L02

    -------------------------------------------------------------------------
  LIBRARY MODULE, NAME : ?SS_DIVMOD_L02

  SEGMENTS IN THE MODULE
  ======================
CODE
  Relative segment, address: CODE 00000746 - 00000765 (0x20 bytes), align: 1
  Segment part 1.
           ENTRY                   ADDRESS         REF BY
           =====                   =======         ======
           ?SS_DIVMOD_L02          00000746        main (main)
    -------------------------------------------------------------------------
CODE
  Relative segment, address: CODE 00000766 - 0000076D (0x8 bytes), align: 1
  Segment part 2.             Intra module refs:   ?SS_DIVMOD_L02
           LOCAL                   ADDRESS         
           =====                   =======         
           ?NEG_P                  00000766 
    -------------------------------------------------------------------------
CODE
  Relative segment, address: CODE 0000076E - 00000775 (0x8 bytes), align: 1
  Segment part 3.             Intra module refs:   ?SS_DIVMOD_L02
           LOCAL                   ADDRESS         
           =====                   =======         
           ?NEG_Q                  0000076E 

    -------------------------------------------------------------------------
  LIBRARY MODULE, NAME : ?MOVE_LONG_L07

  SEGMENTS IN THE MODULE
  ======================
CODE
  Relative segment, address: CODE 00000776 - 0000078B (0x16 bytes), align: 1
  Segment part 0.
           ENTRY                   ADDRESS         REF BY
           =====                   =======         ======
           ?ML_SRAM_SRAM_16_L07    00000776        main (main)

    -------------------------------------------------------------------------
  LIBRARY MODULE, NAME : ?PROLOGUE_L09

  SEGMENTS IN THE MODULE
  ======================
CODE
  Relative segment, address: CODE 0000078C - 0000078D (0x2 bytes), align: 1
  Segment part 12.
           ENTRY                   ADDRESS         REF BY
           =====                   =======         ======
           ?PROLOGUE4_L09          0000078C        main (main)
    -------------------------------------------------------------------------
CODE
  Relative segment, address: CODE 0000078E - 0000078F (0x2 bytes), align: 1
  Segment part 13.            Intra module refs:   ?PROLOGUE4_L09
           ENTRY                   ADDRESS         REF BY
           =====                   =======         ======
           ?PROLOGUE3_L09          0000078E 
    -------------------------------------------------------------------------
CODE
  Relative segment, address: CODE 00000790 - 00000791 (0x2 bytes), align: 1
  Segment part 14.            Intra module refs:   ?PROLOGUE3_L09
           ENTRY                   ADDRESS         REF BY
           =====                   =======         ======
           ?PROLOGUE2_L09          00000790 
    -------------------------------------------------------------------------
CODE
  Relative segment, address: CODE 00000792 - 00000793 (0x2 bytes), align: 1
  Segment part 15.            Intra module refs:   ?PROLOGUE2_L09
           ENTRY                   ADDRESS         REF BY
           =====                   =======         ======
           ?PROLOGUE1_L09          00000792 
    -------------------------------------------------------------------------
CODE
  Relative segment, address: CODE 00000794 - 00000795 (0x2 bytes), align: 1
  Segment part 16.            Intra module refs:   ?PROLOGUE1_L09

    -------------------------------------------------------------------------
  LIBRARY MODULE, NAME : ?low_level_init

  SEGMENTS IN THE MODULE
  ======================
CODE
  Relative segment, address: CODE 00000796 - 00000799 (0x4 bytes), align: 1
  Segment part 3.
           ENTRY                   ADDRESS         REF BY
           =====                   =======         ======
           __low_level_init        00000796        ?call_low_level_init (?C_STARTUP)

    -------------------------------------------------------------------------
  LIBRARY MODULE, NAME : ?segment_init

  SEGMENTS IN THE MODULE
  ======================
CODE
  Relative segment, address: CODE 0000079A - 000007A5 (0xc bytes), align: 1
  Segment part 3.             Intra module refs:   __segment_init
           LOCAL                   ADDRESS         
           =====                   =======         
           __memclr                0000079A 
    -------------------------------------------------------------------------
CODE
  Relative segment, address: CODE 000007A6 - 000007B1 (0xc bytes), align: 1
  Segment part 4.             Intra module refs:   __segment_init
           LOCAL                   ADDRESS         
           =====                   =======         
           __flashcpy              000007A6 
    -------------------------------------------------------------------------
CODE
  Relative segment, address: CODE 000007B2 - 000007E5 (0x34 bytes), align: 1
  Segment part 5.
           ENTRY                   ADDRESS         REF BY
           =====                   =======         ======
           __segment_init          000007B2        ?need_segment_init (?C_STARTUP)
               calls direct

    -------------------------------------------------------------------------
  LIBRARY MODULE, NAME : ?__exit

  SEGMENTS IN THE MODULE
  ======================
CODE
  Relative segment, address: CODE 000007E6 - 000007E7 (0x2 bytes), align: 1
  Segment part 3.
           ENTRY                   ADDRESS         REF BY
           =====                   =======         ======
           __exit                  000007E6        Segment part 5 (?_exit)

    *************************************************************************

  DEFINED ABSOLUTE ENTRIES
  PROGRAM MODULE, NAME : ?FILLER_BYTES

  SEGMENTS IN THE MODULE
  ======================
INTVEC
  Common segment, address: CODE 00000000 - 00000043 (0x44 bytes), align: 0
  Segment part 1.
    -------------------------------------------------------------------------
?FILL1
  Relative segment, address: CODE 00000044 - 00000067 (0x24 bytes), align: 0
  Segment part 0.




                ****************************************
                *                                      *
                *      SEGMENTS IN ADDRESS ORDER       *
                *                                      *
                ****************************************


SEGMENT              SPACE    START ADDRESS   END ADDRESS     SIZE  TYPE  ALIGN
=======              =====    =============   ===========     ====  ====  =====
INTVEC               CODE          00000000 - 00000043          44   com    1
?FILL1               CODE          00000044 - 00000067          24   rel    0
CODE                 CODE          00000068 - 000007E7         780   rel    1
INITTAB              CODE          000007E8 - 000007F3           C   rel    0
NEAR_ID              CODE          000007F4 - 000007FE           B   rel    0
ABSOLUTE             DATA               0000001F                     rel    0
                     DATA               00000020                   
                     DATA               00000021                   
                     DATA               00000022                   
                     DATA          00000024 - 00000025           2 
                     DATA          00000027 - 00000028           2 
                     DATA          0000002A - 0000002B           2 
                     DATA          0000003D - 0000003D           1 
                     DATA          00000045 - 00000045           1 
                     DATA          00000069 - 00000069           1 
                     DATA          0000006E - 0000006E           1 
                     DATA          00000081 - 00000081           1 
                     DATA          00000084 - 00000085           2 
CSTACK               DATA          00000100 - 0000011F          20   dse    0
RSTACK               DATA          00000120 - 0000013F          20   dse    0
NEAR_I               DATA          00000140 - 0000014A           B   rel    0
NEAR_Z               DATA          0000014B - 00000156           C   rel    0

                ****************************************
                *                                      *
                *        END OF CROSS REFERENCE        *
                *                                      *
                ****************************************

 2 011 bytes of CODE memory (+             36 range fill )
    87 bytes of DATA memory (+ 13 absolute )

Errors: none
Warnings: none

