################################################################################
#                                                                              #
#      IAR Universal Linker V6.5.0.91                                          #
#                                                                              #
#           Link time     =  21/Jan/2018  23:19:01                             #
#           Target CPU    =  A90                                               #
#           List file     =  "C:\Users\Kamil\Desktop\e dice comlete\Debug\List #
#                            \Electronic Dice.map"                             #
#           Output file 1 =  "C:\Users\Kamil\Desktop\e dice comlete\Debug\Exe\ #
#                            Electronic Dice.hex"                              #
#                            Format: intel-standard, variant: -Y0              #
#           Command line  =  -f C:\Users\Kamil\AppData\Local\Temp\EWDBEE.tmp   #
#                            ("C:\Users\Kamil\Desktop\e dice comlete\Debug\Obj #
#                            \main.r90"                                        #
#                            -o                                                #
#                            "C:\Users\Kamil\Desktop\e dice comlete\Debug\Exe\ #
#                            Electronic Dice.hex"                              #
#                            -Fintel-standard -Y0 -l                           #
#                            "C:\Users\Kamil\Desktop\e dice comlete\Debug\List #
#                            \Electronic Dice.map"                             #
#                            -xms                                              #
#                            "-IC:\Program Files (x86)\IAR Systems\Embedded Wo #
#                            rkbench 8.0\avr\LIB\"                             #
#                            -f                                                #
#                            "C:\Program Files (x86)\IAR Systems\Embedded Work #
#                            bench 8.0\avr\src\template\cfgm328p.xcl"          #
#                            (-D_..X_INTVEC_SIZE=68 -D_..X_FLASH_END=7FFF      #
#                            -D_..X_FLASH_NEND=_..X_FLASH_END                  #
#                            -D_..X_SRAM_BASE=100 -D_..X_SRAM_TBASE=0          #
#                            -D_..X_SRAM_TSIZE=0 -D_..X_SRAM_END=8FF           #
#                            -D_..X_EXT_SRAM_BASE=_..X_SRAM_END                #
#                            -D_..X_EXT_SRAM_SIZE=0                            #
#                            -D_..X_EXT_ROM_BASE=_..X_SRAM_END                 #
#                            -D_..X_EXT_ROM_SIZE=0                             #
#                            -D_..X_EXT_NV_BASE=_..X_SRAM_END                  #
#                            -D_..X_EXT_NV_SIZE=0 -D_..X_EEPROM_START=0        #
#                            -D_..X_EEPROM_END=3FF) -D_..X_HEAP_SIZE=0         #
#                            -D_..X_TINY_HEAP_SIZE=0                           #
#                            -D_..X_NEAR_HEAP_SIZE=20 -D_..X_FAR_HEAP_SIZE=0   #
#                            -D_..X_HUGE_HEAP_SIZE=0 -D_..X_CSTACK_SIZE=20     #
#                            -D_..X_RSTACK_SIZE=20                             #
#                            -D_..X_FLASH_CODE_END=_..X_FLASH_END -f           #
#                            "C:\Program Files (x86)\IAR Systems\Embedded Work #
#                            bench 8.0\avr\src\template\cfg3soim.xcl"          #
#                            (-ca90 -w29                                       #
#                            -Z(CODE)INTVEC=0-(_..X_INTVEC_SIZE-1)             #
#                            -Z(CODE)TINY_F=_..X_FLASH_BASE-FF                 #
#                            -Z(CODE)NEAR_F=_..X_FLASH_BASE-_..X_FLASH_NEND    #
#                            -Z(CODE)SWITCH=_..X_FLASH_BASE-_..X_FLASH_NEND    #
#                            -Z(CODE)DIFUNCT=_..X_FLASH_BASE-_..X_FLASH_NEND   #
#                            -Z(CODE)CODE=_..X_FLASH_BASE-_..X_FLASH_END       #
#                            -P(CODE)FAR_F=[_..X_FLASH_BASE-_..X_FLASH_END]/10 #
#                            000                                               #
#                            -Z(CODE)INITTAB=_..X_FLASH_BASE-_..X_FLASH_END    #
#                            -Z(CODE)HUGE_F=_..X_FLASH_BASE-_..X_FLASH_END     #
#                            -Z(CODE)TINY_ID=_..X_FLASH_BASE-_..X_FLASH_END    #
#                            -Z(CODE)NEAR_ID=_..X_FLASH_BASE-_..X_FLASH_END    #
#                            -Z(CODE)CHECKSUM#_..X_FLASH_END                   #
#                            -Z(DATA)TINY_I,TINY_Z,TINY_N=_..X_SRAM_TBASE:+_.. #
#                            X_SRAM_TSIZE                                      #
#                            -Z(DATA)CSTACK+_..X_CSTACK_SIZE=_..X_CSTACK_BASE- #
#                            _..X_CSTACK_END                                   #
#                            -Z(DATA)HEAP+_..X_HEAP_SIZE=_..X_SRAM_BASE-_..X_S #
#                            RAM_END                                           #
#                            -Z(DATA)IOSTREAM_N#_..X_SRAM_BASE-_..X_SRAM_END   #
#                            -Z(DATA)NEAR_HEAP+_..X_NEAR_HEAP_SIZE=_..X_SRAM_B #
#                            ASE-_..X_SRAM_END                                 #
#                            -Z(DATA)RSTACK+_..X_RSTACK_SIZE=_..X_RSTACK_BASE- #
#                            _..X_RSTACK_END                                   #
#                            -Z(DATA)NEAR_I,NEAR_Z,NEAR_N=_..X_SRAM_BASE-_..X_ #
#                            SRAM_END                                          #
#                            -Z(XDATA)EEPROM_I,EEPROM_N=_..X_EEPROM_START-_..X #
#                            _EEPROM_END)                                      #
#                            -D_..X_FLASH_BASE=_..X_INTVEC_SIZE -H1895         #
#                            -h(CODE)0-(_..X_INTVEC_SIZE-1)                    #
#                            -D_..X_CSTACK_BASE=_..X_SRAM_BASE                 #
#                            -D_..X_CSTACK_END=_..X_SRAM_END                   #
#                            -D_..X_RSTACK_BASE=_..X_SRAM_BASE                 #
#                            -D_..X_RSTACK_END=_..X_SRAM_END -s                #
#                            __program_start                                   #
#                            "C:\Program Files (x86)\IAR Systems\Embedded Work #
#                            bench 8.0\avr\LIB\DLIB\dlAVR-3s-ec_mul-sf-n.r90") #
#                                                                              #
#                           Copyright (C) 1987-2016 IAR Systems AB.            #
################################################################################





                ****************************************
                *                                      *
                *           CROSS REFERENCE            *
                *                                      *
                ****************************************

       Program entry at : CODE      0000020A  Relocatable, from module : ?C_STARTUP




                ****************************************
                *                                      *
                *            RUNTIME MODEL             *
                *                                      *
                ****************************************

  R10                        = REG
  R11                        = REG
  R4                         = REG
  R5                         = REG
  R6                         = REG
  R7                         = REG
  R8                         = REG
  R9                         = REG
  __64bit_doubles            = disabled
  __Heap_Handler             = Basic
  __SystemLibrary            = DLib
  __cpu                      = 3
  __cpu_name                 = ATmega328P
  __dlib_file_descriptor     = 0
  __dlib_full_locale_support = 0
  __enhanced_core            = enabled
  __has_elpm                 = false
  __memory_model             = 2
  __rt_version               = 3
  __tiny_avr                 = false
  __vtable_memory            = __nearflash

                ****************************************
                *                                      *
                *    AUTOMATIC SYMBOL REDIRECTIONS     *
                *                                      *
                ****************************************

                  There are no automatic symbol redirections.



                ****************************************
                *                                      *
                *              MODULE MAP              *
                *                                      *
                ****************************************


  DEFINED ABSOLUTE ENTRIES
  PROGRAM MODULE, NAME : ?ABS_ENTRY_MOD

Absolute parts
           ENTRY                   ADDRESS         REF BY
           =====                   =======         ======
           _..X_RSTACK_END         000008FF 
           _..X_RSTACK_BASE        00000100 
           _..X_CSTACK_END         000008FF 
           _..X_CSTACK_BASE        00000100 
           _..X_FLASH_BASE         00000068 
           _..X_FLASH_CODE_END     00007FFF 
           _..X_RSTACK_SIZE        00000020 
           _..X_CSTACK_SIZE        00000020 
           _..X_HUGE_HEAP_SIZE     00000000 
           _..X_FAR_HEAP_SIZE      00000000 
           _..X_NEAR_HEAP_SIZE     00000020 
           _..X_TINY_HEAP_SIZE     00000000 
           _..X_HEAP_SIZE          00000000 
           _..X_EEPROM_END         000003FF 
           _..X_EEPROM_START       00000000 
           _..X_EXT_NV_SIZE        00000000 
           _..X_EXT_NV_BASE        000008FF 
           _..X_EXT_ROM_SIZE       00000000 
           _..X_EXT_ROM_BASE       000008FF 
           _..X_EXT_SRAM_SIZE      00000000 
           _..X_EXT_SRAM_BASE      000008FF 
           _..X_SRAM_END           000008FF 
           _..X_SRAM_TSIZE         00000000 
           _..X_SRAM_TBASE         00000000 
           _..X_SRAM_BASE          00000100 
           _..X_FLASH_NEND         00007FFF 
           _..X_FLASH_END          00007FFF 
           _..X_INTVEC_SIZE        00000068 
    *************************************************************************

  FILE NAME : C:\Users\Kamil\Desktop\e dice comlete\Debug\Obj\main.r90
  PROGRAM MODULE, NAME : main

  SEGMENTS IN THE MODULE
  ======================
ABSOLUTE
  Relative segment, address: DATA 00000084 - 00000085 (0x2 bytes), align: 0
  Segment part 1. ROOT        Intra module refs:   losowanie
           ENTRY                   ADDRESS         REF BY
           =====                   =======         ======
           _A_TCNT1                00000084 
           LOCAL                   ADDRESS         
           =====                   =======         
           TCNT1                   00000084 
           TCNT1H                  00000085 
           TCNT1L                  00000084 
    -------------------------------------------------------------------------
ABSOLUTE
  Relative segment, address: DATA 00000081 - 00000081 (0x1 bytes), align: 0
  Segment part 2. ROOT        Intra module refs:   main
           ENTRY                   ADDRESS         REF BY
           =====                   =======         ======
           _A_TCCR1B               00000081 
           LOCAL                   ADDRESS         
           =====                   =======         
           TCCR1B                  00000081 
    -------------------------------------------------------------------------
ABSOLUTE
  Relative segment, address: DATA 0000002B - 0000002B (0x1 bytes), align: 0
  Segment part 3. ROOT        Intra module refs:   display_number
           ENTRY                   ADDRESS         REF BY
           =====                   =======         ======
           _A_PORTD                0000002B 
           LOCAL                   ADDRESS         
           =====                   =======         
           PORTD                   0000002B 
    -------------------------------------------------------------------------
ABSOLUTE
  Relative segment, address: DATA 0000002A - 0000002A (0x1 bytes), align: 0
  Segment part 4. ROOT        Intra module refs:   main
           ENTRY                   ADDRESS         REF BY
           =====                   =======         ======
           _A_DDRD                 0000002A 
           LOCAL                   ADDRESS         
           =====                   =======         
           DDRD                    0000002A 
    -------------------------------------------------------------------------
ABSOLUTE
  Relative segment, address: DATA 00000027 - 00000027 (0x1 bytes), align: 0
  Segment part 5. ROOT        Intra module refs:   main
           ENTRY                   ADDRESS         REF BY
           =====                   =======         ======
           _A_DDRC                 00000027 
           LOCAL                   ADDRESS         
           =====                   =======         
           DDRC                    00000027 
    -------------------------------------------------------------------------
ABSOLUTE
  Relative segment, address: DATA 00000026 - 00000026 (0x1 bytes), align: 0
  Segment part 6. ROOT        Intra module refs:   main
                                                   mod
           ENTRY                   ADDRESS         REF BY
           =====                   =======         ======
           _A_PINC                 00000026 
           LOCAL                   ADDRESS         
           =====                   =======         
           PINC                    00000026 
    -------------------------------------------------------------------------
ABSOLUTE
  Relative segment, address: DATA 00000025 - 00000025 (0x1 bytes), align: 0
  Segment part 7. ROOT        Intra module refs:   dig
                                                   display_number
                                                   mod
           ENTRY                   ADDRESS         REF BY
           =====                   =======         ======
           _A_PORTB                00000025 
           LOCAL                   ADDRESS         
           =====                   =======         
           PORTB                   00000025 
    -------------------------------------------------------------------------
ABSOLUTE
  Relative segment, address: DATA 00000024 - 00000024 (0x1 bytes), align: 0
  Segment part 8. ROOT        Intra module refs:   main
           ENTRY                   ADDRESS         REF BY
           =====                   =======         ======
           _A_DDRB                 00000024 
           LOCAL                   ADDRESS         
           =====                   =======         
           DDRB                    00000024 
    -------------------------------------------------------------------------
NEAR_Z
  Relative segment, address: DATA 00000154 - 00000155 (0x2 bytes), align: 0
  Segment part 15.            Intra module refs:   dig
                                                   mod
           ENTRY                   ADDRESS         REF BY
           =====                   =======         ======
           type                    00000154 
    -------------------------------------------------------------------------
NEAR_I
  Relative segment, address: DATA 00000140 - 00000153 (0x14 bytes), align: 0
  Segment part 17.            Intra module refs:   display_number
           ENTRY                   ADDRESS         REF BY
           =====                   =======         ======
           numbers                 00000140 
    -------------------------------------------------------------------------
CODE
  Relative segment, address: CODE 00000068 - 000000A9 (0x42 bytes), align: 1
  Segment part 20.            Intra module refs:   dig
                                                   mod
           ENTRY                   ADDRESS         REF BY
           =====                   =======         ======
           display_number          00000068 
    -------------------------------------------------------------------------
CODE
  Relative segment, address: CODE 000000AA - 000000C1 (0x18 bytes), align: 1
  Segment part 21.            Intra module refs:   main
           ENTRY                   ADDRESS         REF BY
           =====                   =======         ======
           losowanie               000000AA 
               calls direct
    -------------------------------------------------------------------------
CODE
  Relative segment, address: CODE 000000C2 - 000000FF (0x3e bytes), align: 1
  Segment part 22.            Intra module refs:   main
           ENTRY                   ADDRESS         REF BY
           =====                   =======         ======
           dig                     000000C2 
               calls direct
    -------------------------------------------------------------------------
CODE
  Relative segment, address: CODE 00000100 - 000001BF (0xc0 bytes), align: 1
  Segment part 24.            Intra module refs:   main
           ENTRY                   ADDRESS         REF BY
           =====                   =======         ======
           mod                     00000100 
               calls direct
    -------------------------------------------------------------------------
CODE
  Relative segment, address: CODE 000001C0 - 00000205 (0x46 bytes), align: 1
  Segment part 25.
           ENTRY                   ADDRESS         REF BY
           =====                   =======         ======
           main                    000001C0        ?cstartup_call_main (?C_STARTUP)
               calls direct
    -------------------------------------------------------------------------
ABSOLUTE
  Relative segment, address: DATA 0000001F, align: 0
  Segment part 9. ROOT 
           ENTRY                   ADDRESS         REF BY
           =====                   =======         ======
           __?EECR                 0000001F 
    -------------------------------------------------------------------------
ABSOLUTE
  Relative segment, address: DATA 00000020, align: 0
  Segment part 10. ROOT 
           ENTRY                   ADDRESS         REF BY
           =====                   =======         ======
           __?EEDR                 00000020 
    -------------------------------------------------------------------------
ABSOLUTE
  Relative segment, address: DATA 00000021, align: 0
  Segment part 11. ROOT 
           ENTRY                   ADDRESS         REF BY
           =====                   =======         ======
           __?EEARL                00000021 
    -------------------------------------------------------------------------
ABSOLUTE
  Relative segment, address: DATA 00000022, align: 0
  Segment part 12. ROOT 
           ENTRY                   ADDRESS         REF BY
           =====                   =======         ======
           __?EEARH                00000022 
    -------------------------------------------------------------------------
INITTAB
  Relative segment, address: CODE 000002F6 - 000002FB (0x6 bytes), align: 0
  Segment part 16.            Intra module refs:   type
           ENTRY                   ADDRESS         REF BY
           =====                   =======         ======
           ?<Segment init: NEAR_Z>
                                   000002F6 
    -------------------------------------------------------------------------
NEAR_ID
  Relative segment, address: CODE 00000302 - 00000315 (0x14 bytes), align: 0
  Segment part 18.            Intra module refs:   numbers
    -------------------------------------------------------------------------
INITTAB
  Relative segment, address: CODE 000002FC - 00000301 (0x6 bytes), align: 0
  Segment part 19.            Intra module refs:   numbers
           ENTRY                   ADDRESS         REF BY
           =====                   =======         ======
           ?<Segment init: NEAR_I>
                                   000002FC 

    *************************************************************************

  FILE NAME : C:\Program Files (x86)\IAR Systems\Embedded Workbench 8.0\avr\LIB\DLIB\dlAVR-3s-ec_mul-sf-n.r90
  LIBRARY MODULE, NAME : ?_exit

  SEGMENTS IN THE MODULE
  ======================
CODE
  Relative segment, address: CODE 00000206, align: 1
  Segment part 0.
           ENTRY                   ADDRESS         REF BY
           =====                   =======         ======
           _exit                   00000206        ?cstartup_call_main (?C_STARTUP)
                                                   exit (?exit)
    -------------------------------------------------------------------------
CODE
  Relative segment, address: CODE 00000206 - 00000209 (0x4 bytes), align: 1
  Segment part 5.             Intra module refs:   _exit

    -------------------------------------------------------------------------
  LIBRARY MODULE, NAME : ?RESET

  SEGMENTS IN THE MODULE
  ======================
INTVEC
  Common segment, address: CODE 00000000 - 00000003 (0x4 bytes), align: 1
  Segment part 0. ROOT 
           ENTRY                   ADDRESS         REF BY
           =====                   =======         ======
           ?RESET                  00000000        Segment part 2 (?C_STARTUP)

    -------------------------------------------------------------------------
  LIBRARY MODULE, NAME : ?C_STARTUP

  SEGMENTS IN THE MODULE
  ======================
CODE
  Relative segment, address: CODE 0000020A, align: 1
  Segment part 2.
           ENTRY                   ADDRESS         REF BY
           =====                   =======         ======
           __program_start         0000020A        Absolute parts (?ABS_ENTRY_MOD)
           ?C_STARTUP              0000020A        ?RESET (?RESET)
           __RESTART               0000020A 
    -------------------------------------------------------------------------
CODE
  Relative segment, address: CODE 0000020A - 00000215 (0xc bytes), align: 1
  Segment part 5.             Intra module refs:   Segment part 2
    -------------------------------------------------------------------------
CODE
  Relative segment, address: CODE 00000216 - 00000219 (0x4 bytes), align: 1
  Segment part 7.             Intra module refs:   Segment part 5
           ENTRY                   ADDRESS         REF BY
           =====                   =======         ======
           ?call_low_level_init    00000216 
    -------------------------------------------------------------------------
CODE
  Relative segment, address: CODE 0000021A - 00000221 (0x8 bytes), align: 1
  Segment part 8.
           ENTRY                   ADDRESS         REF BY
           =====                   =======         ======
           ?need_segment_init      0000021A        ?<Segment init: NEAR_I> (main)
                                                   ?<Segment init: NEAR_Z> (main)
    -------------------------------------------------------------------------
CODE
  Relative segment, address: CODE 00000222 - 0000022D (0xc bytes), align: 1
  Segment part 11.            Intra module refs:   ?call_low_level_init
           ENTRY                   ADDRESS         REF BY
           =====                   =======         ======
           ?cstartup_call_main     00000222 

    -------------------------------------------------------------------------
  LIBRARY MODULE, NAME : ?exit

  SEGMENTS IN THE MODULE
  ======================
CODE
  Relative segment, address: CODE 0000022E - 00000231 (0x4 bytes), align: 1
  Segment part 3.
           ENTRY                   ADDRESS         REF BY
           =====                   =======         ======
           exit                    0000022E        ?cstartup_call_main (?C_STARTUP)
               calls direct

    -------------------------------------------------------------------------
  LIBRARY MODULE, NAME : ?US_DIVMOD_L02

  SEGMENTS IN THE MODULE
  ======================
CODE
  Relative segment, address: CODE 00000232 - 00000237 (0x6 bytes), align: 1
  Segment part 1.
           ENTRY                   ADDRESS         REF BY
           =====                   =======         ======
           ?US_DIVMOD_L02          00000232        ?SS_DIVMOD_L02 (?SS_DIVMOD_L02)
                                                   losowanie (main)
    -------------------------------------------------------------------------
CODE
  Relative segment, address: CODE 00000238 - 00000257 (0x20 bytes), align: 1
  Segment part 3.             Intra module refs:   ?US_DIVMOD_L02

    -------------------------------------------------------------------------
  LIBRARY MODULE, NAME : ?SS_DIVMOD_L02

  SEGMENTS IN THE MODULE
  ======================
CODE
  Relative segment, address: CODE 00000258 - 00000277 (0x20 bytes), align: 1
  Segment part 1.
           ENTRY                   ADDRESS         REF BY
           =====                   =======         ======
           ?SS_DIVMOD_L02          00000258        mod (main)
    -------------------------------------------------------------------------
CODE
  Relative segment, address: CODE 00000278 - 0000027F (0x8 bytes), align: 1
  Segment part 2.             Intra module refs:   ?SS_DIVMOD_L02
           LOCAL                   ADDRESS         
           =====                   =======         
           ?NEG_P                  00000278 
    -------------------------------------------------------------------------
CODE
  Relative segment, address: CODE 00000280 - 00000287 (0x8 bytes), align: 1
  Segment part 3.             Intra module refs:   ?SS_DIVMOD_L02
           LOCAL                   ADDRESS         
           =====                   =======         
           ?NEG_Q                  00000280 

    -------------------------------------------------------------------------
  LIBRARY MODULE, NAME : ?PROLOGUE_L09

  SEGMENTS IN THE MODULE
  ======================
CODE
  Relative segment, address: CODE 00000288 - 00000289 (0x2 bytes), align: 1
  Segment part 12.
           ENTRY                   ADDRESS         REF BY
           =====                   =======         ======
           ?PROLOGUE4_L09          00000288        main (main)
                                                   mod (main)
    -------------------------------------------------------------------------
CODE
  Relative segment, address: CODE 0000028A - 0000028B (0x2 bytes), align: 1
  Segment part 13.            Intra module refs:   ?PROLOGUE4_L09
           ENTRY                   ADDRESS         REF BY
           =====                   =======         ======
           ?PROLOGUE3_L09          0000028A 
    -------------------------------------------------------------------------
CODE
  Relative segment, address: CODE 0000028C - 0000028D (0x2 bytes), align: 1
  Segment part 14.            Intra module refs:   ?PROLOGUE3_L09
           ENTRY                   ADDRESS         REF BY
           =====                   =======         ======
           ?PROLOGUE2_L09          0000028C 
    -------------------------------------------------------------------------
CODE
  Relative segment, address: CODE 0000028E - 0000028F (0x2 bytes), align: 1
  Segment part 15.            Intra module refs:   ?PROLOGUE2_L09
           ENTRY                   ADDRESS         REF BY
           =====                   =======         ======
           ?PROLOGUE1_L09          0000028E 
    -------------------------------------------------------------------------
CODE
  Relative segment, address: CODE 00000290 - 00000291 (0x2 bytes), align: 1
  Segment part 16.            Intra module refs:   ?PROLOGUE1_L09

    -------------------------------------------------------------------------
  LIBRARY MODULE, NAME : ?EPILOGUE_B_L09

  SEGMENTS IN THE MODULE
  ======================
CODE
  Relative segment, address: CODE 00000292 - 00000293 (0x2 bytes), align: 1
  Segment part 12.
           ENTRY                   ADDRESS         REF BY
           =====                   =======         ======
           ?EPILOGUE_B4_L09        00000292        mod (main)
    -------------------------------------------------------------------------
CODE
  Relative segment, address: CODE 00000294 - 00000295 (0x2 bytes), align: 1
  Segment part 13.            Intra module refs:   ?EPILOGUE_B4_L09
           ENTRY                   ADDRESS         REF BY
           =====                   =======         ======
           ?EPILOGUE_B3_L09        00000294 
    -------------------------------------------------------------------------
CODE
  Relative segment, address: CODE 00000296 - 00000297 (0x2 bytes), align: 1
  Segment part 14.            Intra module refs:   ?EPILOGUE_B3_L09
           ENTRY                   ADDRESS         REF BY
           =====                   =======         ======
           ?EPILOGUE_B2_L09        00000296 
    -------------------------------------------------------------------------
CODE
  Relative segment, address: CODE 00000298 - 00000299 (0x2 bytes), align: 1
  Segment part 15.            Intra module refs:   ?EPILOGUE_B2_L09
           ENTRY                   ADDRESS         REF BY
           =====                   =======         ======
           ?EPILOGUE_B1_L09        00000298 
    -------------------------------------------------------------------------
CODE
  Relative segment, address: CODE 0000029A - 000002A3 (0xa bytes), align: 1
  Segment part 16.            Intra module refs:   ?EPILOGUE_B1_L09
           ENTRY                   ADDRESS         REF BY
           =====                   =======         ======
           ?EPILOGUE_B0_L09        0000029A 

    -------------------------------------------------------------------------
  LIBRARY MODULE, NAME : ?low_level_init

  SEGMENTS IN THE MODULE
  ======================
CODE
  Relative segment, address: CODE 000002A4 - 000002A7 (0x4 bytes), align: 1
  Segment part 3.
           ENTRY                   ADDRESS         REF BY
           =====                   =======         ======
           __low_level_init        000002A4        ?call_low_level_init (?C_STARTUP)

    -------------------------------------------------------------------------
  LIBRARY MODULE, NAME : ?segment_init

  SEGMENTS IN THE MODULE
  ======================
CODE
  Relative segment, address: CODE 000002A8 - 000002B3 (0xc bytes), align: 1
  Segment part 3.             Intra module refs:   __segment_init
           LOCAL                   ADDRESS         
           =====                   =======         
           __memclr                000002A8 
    -------------------------------------------------------------------------
CODE
  Relative segment, address: CODE 000002B4 - 000002BF (0xc bytes), align: 1
  Segment part 4.             Intra module refs:   __segment_init
           LOCAL                   ADDRESS         
           =====                   =======         
           __flashcpy              000002B4 
    -------------------------------------------------------------------------
CODE
  Relative segment, address: CODE 000002C0 - 000002F3 (0x34 bytes), align: 1
  Segment part 5.
           ENTRY                   ADDRESS         REF BY
           =====                   =======         ======
           __segment_init          000002C0        ?need_segment_init (?C_STARTUP)
               calls direct

    -------------------------------------------------------------------------
  LIBRARY MODULE, NAME : ?__exit

  SEGMENTS IN THE MODULE
  ======================
CODE
  Relative segment, address: CODE 000002F4 - 000002F5 (0x2 bytes), align: 1
  Segment part 3.
           ENTRY                   ADDRESS         REF BY
           =====                   =======         ======
           __exit                  000002F4        Segment part 5 (?_exit)

    *************************************************************************

  DEFINED ABSOLUTE ENTRIES
  PROGRAM MODULE, NAME : ?FILLER_BYTES

  SEGMENTS IN THE MODULE
  ======================
INTVEC
  Common segment, address: CODE 00000000 - 00000003 (0x4 bytes), align: 0
  Segment part 1.
    -------------------------------------------------------------------------
?FILL1
  Relative segment, address: CODE 00000004 - 00000067 (0x64 bytes), align: 0
  Segment part 0.




                ****************************************
                *                                      *
                *      SEGMENTS IN ADDRESS ORDER       *
                *                                      *
                ****************************************


SEGMENT              SPACE    START ADDRESS   END ADDRESS     SIZE  TYPE  ALIGN
=======              =====    =============   ===========     ====  ====  =====
INTVEC               CODE          00000000 - 00000003           4   com    1
?FILL1               CODE          00000004 - 00000067          64   rel    0
CODE                 CODE          00000068 - 000002F5         28E   rel    1
INITTAB              CODE          000002F6 - 00000301           C   rel    0
NEAR_ID              CODE          00000302 - 00000315          14   rel    0
ABSOLUTE             DATA               0000001F                     rel    0
                     DATA               00000020                   
                     DATA               00000021                   
                     DATA               00000022                   
                     DATA          00000024 - 00000027           4 
                     DATA          0000002A - 0000002B           2 
                     DATA          00000081 - 00000081           1 
                     DATA          00000084 - 00000085           2 
CSTACK               DATA          00000100 - 0000011F          20   dse    0
RSTACK               DATA          00000120 - 0000013F          20   dse    0
NEAR_I               DATA          00000140 - 00000153          14   rel    0
NEAR_Z               DATA          00000154 - 00000155           2   rel    0

                ****************************************
                *                                      *
                *        END OF CROSS REFERENCE        *
                *                                      *
                ****************************************

 690 bytes of CODE memory (+            100 range fill )
  86 bytes of DATA memory (+ 9 absolute )

Errors: none
Warnings: none

